-- Test SKIP and MODIFY
CREATE FUNCTION trigfunc_ins() RETURNS trigger LANGUAGE plphp AS $$
	$a = $_TD['new']['a'];
	if ($a == 1) {
		return 'SKIP';
	} else if ($a == 2) {
		$_TD['new']['a'] = 3;
		return 'MODIFY';
	} else if ($a == 4) {
		return NULL;
	} else if ($a == 5) {
		return 'gibberish';
	} else {
		pg_raise('error', "value a=$a is not allowed");
	}
$$;
create table b (a int);
create trigger trigtest12 before insert on b for each row execute procedure trigfunc_ins();
insert into b values (1);
insert into b values (2);
insert into b values (3);
ERROR:  value a=3 is not allowed at line 13
insert into b values (4);
insert into b values (5);
ERROR:  expected trigger function to return NULL, 'SKIP' or 'MODIFY'
insert into b values (6);
ERROR:  value a=6 is not allowed at line 13
insert into b values (1);
insert into b values (3);
ERROR:  value a=3 is not allowed at line 13
insert into b values (2);
select * from b;
 a 
---
 3
 4
 3
(3 rows)

